top notch&kind=positive
accommodating&kind=positive
clean&kind=positive
unbelievable&kind=positive
confident&kind=positive
gentle&kind=positive
lucky&kind=positive
smooth&kind=positive
adequate&kind=positive
courageous&kind=positive
hardy&kind=positive
manly&kind=positive
spirited&kind=positive
alive&kind=positive
curious&kind=positive
healthy&kind=positive
mighty&kind=positive
stable&kind=positive
assured&kind=positive
modern&kind=positive
steady&kind=positive
authoritative&kind=positive
determined&kind=positive
heroic&kind=positive
stouthearted&kind=positive
durable&kind=positive
important&kind=positive
authentic&kind=positive
outstanding&kind=positive
strong&kind=positive
brainy&kind=positive
dynamic&kind=positive
influential&kind=positive
powerful&kind=positive
super&kind=positive
brave&kind=positive
eager&kind=positive
intense&kind=positive
relaxed&kind=positive
tame&kind=positive
careful&kind=positive
effective&kind=positive
inquisitive&kind=positive
energetic&kind=positive
jerky&kind=positive
robust&kind=positive
victorious&kind=positive
cautious&kind=positive
fearless&kind=positive
knotted&kind=positive
secure&kind=positive
virile&kind=positive
clever&kind=positive
firm&kind=positive
sharp&kind=positive
zealous&kind=positive
competent&kind=positive
forceful&kind=positive
lively&kind=positive
concerned&kind=positive
gallant&kind=positive
skillful&kind=positive
wicked&kind=positive
amused&kind=positive
enchanted&kind=positive
jubilant&kind=positive
smiling&kind=positive
blissful&kind=positive
enthusiastic&kind=positive
grand&kind=positive
magnificent&kind=positive
splendid&kind=positive
brilliant&kind=positive
exalted&kind=positive
gratified&kind=positive
majestic&kind=positive
superb&kind=positive
calm&kind=positive
marvelous&kind=positive
terrific&kind=positive
cheerful&kind=positive
excited&kind=positive
happy&kind=positive
overjoyed&kind=positive
thrilled&kind=positive
comical&kind=positive
exuberant&kind=positive
hilarious&kind=positive
tremendous&kind=positive
contented&kind=positive
humorous&kind=positive
pleased&kind=positive
triumphant&kind=positive
delighted&kind=positive
inspired&kind=positive
proud&kind=positive
vivacious&kind=positive
ecstatic&kind=positive
funny&kind=positive
jolly&kind=positive
relieved&kind=positive
witty&kind=positive
elated&kind=positive
glad&kind=positive
jovial&kind=positive
satisfied&kind=positive
wonderful&kind=positive
elevated&kind=positive
glorious&kind=positive
joyful&kind=positive
awesome&kind=positive
admired&kind=positive
admire&kind=positive
conscientious&kind=positive
giving&kind=positive
mellow&kind=positive
reliable&kind=positive
adorable&kind=positive
considerate&kind=positive
respectful&kind=positive
affectionate&kind=positive
cooperative&kind=positive
helpful&kind=positive
moral&kind=positive
sensitive&kind=positive
agreeable&kind=positive
cordial&kind=positive
honest&kind=positive
neighborly&kind=positive
sweet&kind=positive
altruistic&kind=positive
courteous&kind=positive
honorable&kind=positive
dedicated&kind=positive
hospitable&kind=positive
devoted&kind=positive
thoughtful&kind=positive
interested&kind=positive
interesting&kind=positive
fair&kind=positive
patient&kind=positive
trustworthy&kind=positive
caring&kind=positive
faithful&kind=positive
peaceful&kind=positive
truthful&kind=positive
charming&kind=positive
forgiving&kind=positive
kindly&kind=positive
pleasant&kind=positive
understanding&kind=positive
unselfish&kind=positive
comforting&kind=positive
reasonable&kind=positive
ample&kind=positive
lots&kind=positive
paucity&kind=positive
plentiful&kind=positive
skimpy&kind=positive
chock-full&kind=positive
chock full&kind=positive
lavish&kind=positive
meager&kind=positive
plenty&kind=positive
numerous&kind=positive
scads&kind=positive
sufficient&kind=positive
loads&kind=positive
oodles&kind=positive
scant&kind=positive
well-stocked&kind=positive
well stocked&kind=positive
beautiful&kind=positive
cute&kind=positive
fresh&kind=positive
tasty&kind=positive
delicious&kind=positive
sound&kind=positive
blast&kind=positive
stunning&kind=positive
polite&kind=positive
helping&kind=positive
attractive&kind=positive
convenient&kind=positive
enjoyed&kind=positive
enjoyable&kind=positive
unbeatable&kind=positive
relaxing&kind=positive
comfy&kind=positive
impressed&kind=positive
gorgeous&kind=positive
luxurious&kind=positive
affordable&kind=positive
organised&kind=positive
OK&kind=positive
ok&kind=positive
Ok&kind=positive
classy&kind=positive
exellent&kind=positive
cosy&kind=positive
safe&kind=positive
helpfulness&kind=positive
lovely&kind=positive
new&kind=positive
efficient&kind=positive