USD&country=country=US Dollar
EUR&country=country=Euro
GBP&country=country=British Pound
INR&country=country=Indian Rupee
AUD&country=country=Australian Dollar
CAD&country=Canadian Dollar
SGD&country=Singapore Dollar
CHF&country=Swiss Franc
MYR&country=Malaysian Ringgit
JPY&country=Japanese Yen
CNY&country=Chinese Yuan Renminbi
NZD&country=New Zealand Dollar
THB&country=Thai Baht
HUF&country=Hungarian Forint
AED&country=Emirati Dirham
HKD&country=Hong Kong Dollar
MXN&country=Mexican Peso
ZAR&country=South African Rand
PHP&country=Philippine Peso
SEK&country=Swedish Krona
IDR&country=Indonesian Rupiah
SAR&country=Saudi Arabian Riyal
BRL&country=Brazilian Real
TRY&country=Turkish Lira
KES&country=Kenyan Shilling
KRW&country=South Korean Won
EGP&country=Egyptian Pound
IQD&country=Iraqi Dinar
NOK&country=Norwegian Krone
KWD&country=Kuwaiti Dinar
RUB&country=Russian Ruble
DKK&country=Danish Krone
PKR&country=Pakistani Rupee
ILS&country=Israeli Shekel
PLN&country=Polish Zloty
QAR&country=Qatari Riyal
XAU&country=Gold Ounce
OMR&country=Omani Rial
COP&country=Colombian Peso
CLP&country=Chilean Peso
TWD&country=Taiwan New Dollar
ARS&country=Argentine Peso
CZK&country=Czech Koruna
VND&country=Vietnamese Dong
MAD&country=Moroccan Dirham
JOD&country=Jordanian Dinar
BHD&country=Bahraini Dinar
XOF&country=CFA Franc
LKR&country=Sri Lankan Rupee
UAH&country=Ukrainian Hryvnia
NGN&country=Nigerian Naira
TND&country=Tunisian Dinar
UGX&country=Ugandan Shilling
RON&country=Romanian New Leu
BDT&country=Bangladeshi Taka
PEN&country=Peruvian Nuevo Sol
GEL&country=Georgian Lari
XAF&country=Central African CFA Franc BEAC
FJD&country=Fijian Dollar
VEF&country=Venezuelan Bolivar
BYR&country=Belarusian Ruble
HRK&country=Croatian Kuna
UZS&country=Uzbekistani Som
BGN&country=Bulgarian Lev
DZD&country=Algerian Dinar
IRR&country=Iranian Rial
DOP&country=Dominican Peso
ISK&country=Icelandic Krona
XAG&country=Silver Ounce
CRC&country=Costa Rican Colon
SYP&country=Syrian Pound
LYD&country=Libyan Dinar
JMD&country=Jamaican Dollar
MUR&country=Mauritian Rupee
GHS&country=Ghanaian Cedi
AOA&country=Angolan Kwanza
UYU&country=Uruguayan Peso
AFN&country=Afghan Afghani
LBP&country=Lebanese Pound
XPF&country=CFP Franc
TTD&country=Trinidadian Dollar
TZS&country=Tanzanian Shilling
ALL&country=Albanian Lek
XCD&country=East Caribbean Dollar
GTQ&country=Guatemalan Quetzal
NPR&country=Nepalese Rupee
BOB&country=Bolivian Boliviano
ZWD&country=Zimbabwean Dollar
BBD&country=Barbadian or Bajan Dollar
CUC&country=Cuban Convertible Peso
LAK&country=Lao or Laotian Kip
BND&country=Bruneian Dollar
BWP&country=Botswana Pula
HNL&country=Honduran Lempira
PYG&country=Paraguayan Guarani
ETB&country=Ethiopian Birr
NAD&country=Namibian Dollar
PGK&country=Papua New Guinean Kina
SDG&country=Sudanese Pound
MOP&country=Macau Pataca
NIO&country=Nicaraguan Cordoba
BMD&country=Bermudian Dollar
KZT&country=Kazakhstani Tenge
PAB&country=Panamanian Balboa
BAM&country=Bosnian Convertible Marka
GYD&country=Guyanese Dollar
YER&country=Yemeni Rial
MGA&country=Malagasy Ariary
KYD&country=Caymanian Dollar
MZN&country=Mozambican Metical
RSD&country=Serbian Dinar
SCR&country=Seychellois Rupee
AMD&country=Armenian Dram
SBD&country=Solomon Islander Dollar
AZN&country=Azerbaijani New Manat
SLL&country=Sierra Leonean Leone
TOP&country=Tongan Pa'anga
BZD&country=Belizean Dollar
MWK&country=Malawian Kwacha
GMD&country=Gambian Dalasi
BIF&country=Burundian Franc
SOS&country=Somali Shilling
HTG&country=Haitian Gourde
GNF&country=Guinean Franc
MVR&country=Maldivian Rufiyaa
MNT&country=Mongolian Tughrik
CDF&country=Congolese Franc
STD&country=Sao Tomean Dobra
TJS&country=Tajikistani Somoni
KPW&country=North Korean Won
MMK&country=Burmese Kyat
LSL&country=Basotho Loti
LRD&country=Liberian Dollar
KGS&country=Kyrgyzstani Som
GIP&country=Gibraltar Pound
XPT&country=Platinum Ounce
MDL&country=Moldovan Leu
CUP&country=Cuban Peso
KHR&country=Cambodian Riel
MKD&country=Macedonian Denar
VUV&country=Ni-Vanuatu Vatu
MRO&country=Mauritanian Ouguiya
ANG&country=Dutch Guilder
SZL&country=Swazi Lilangeni
CVE&country=Cape Verdean Escudo
SRD&country=Surinamese Dollar
XPD&country=Palladium Ounce
SVC&country=Salvadoran Colon
BSD&country=Bahamian Dollar
XDR&country=IMF Special Drawing Rights
RWF&country=Rwandan Franc
AWG&country=Aruban or Dutch Guilder
DJF&country=Djiboutian Franc
BTN&country=Bhutanese Ngultrum
KMF&country=Comoran Franc
WST&country=Samoan Tala
SPL&country=Seborgan Luigino
ERN&country=Eritrean Nakfa
FKP&country=Falkland Island Pound
SHP&country=Saint Helenian Pound
JEP&country=Jersey Pound
TMT&country=Turkmenistani Manat
TVD&country=Tuvaluan Dollar
IMP&country=Isle of Man Pound
GGP&country=Guernsey Pound
CNH&country=China
