top notch&kind=positive
accommodating&kind=positive
clean&kind=positive
unbelievable&kind=positive
confident&kind=positive
gentle&kind=positive
lucky&kind=positive
smooth&kind=positive
adequate&kind=positive
courageous&kind=positive
hardy&kind=positive
manly&kind=positive
spirited&kind=positive
alive&kind=positive
curious&kind=positive
healthy&kind=positive
mighty&kind=positive
stable&kind=positive
assured&kind=positive
modern&kind=positive
steady&kind=positive
authoritative&kind=positive
determined&kind=positive
heroic&kind=positive
stouthearted&kind=positive
durable&kind=positive
important&kind=positive
authentic&kind=positive
outstanding&kind=positive
strong&kind=positive
brainy&kind=positive
dynamic&kind=positive
influential&kind=positive
powerful&kind=positive
super&kind=positive
brave&kind=positive
eager&kind=positive
intense&kind=positive
relaxed&kind=positive
tame&kind=positive
careful&kind=positive
effective&kind=positive
inquisitive&kind=positive
energetic&kind=positive
jerky&kind=positive
robust&kind=positive
victorious&kind=positive
cautious&kind=positive
fearless&kind=positive
knotted&kind=positive
secure&kind=positive
virile&kind=positive
clever&kind=positive
firm&kind=positive
sharp&kind=positive
zealous&kind=positive
competent&kind=positive
forceful&kind=positive
lively&kind=positive
concerned&kind=positive
gallant&kind=positive
skillful&kind=positive
wicked&kind=positive
amused&kind=positive
enchanted&kind=positive
jubilant&kind=positive
smiling&kind=positive
blissful&kind=positive
enthusiastic&kind=positive
grand&kind=positive
magnificent&kind=positive
splendid&kind=positive
brilliant&kind=positive
exalted&kind=positive
gratified&kind=positive
majestic&kind=positive
superb&kind=positive
calm&kind=positive
marvelous&kind=positive
terrific&kind=positive
cheerful&kind=positive
excited&kind=positive
happy&kind=positive
overjoyed&kind=positive
thrilled&kind=positive
comical&kind=positive
exuberant&kind=positive
hilarious&kind=positive
tremendous&kind=positive
contented&kind=positive
humorous&kind=positive
pleased&kind=positive
triumphant&kind=positive
delighted&kind=positive
inspired&kind=positive
proud&kind=positive
vivacious&kind=positive
ecstatic&kind=positive
funny&kind=positive
jolly&kind=positive
relieved&kind=positive
witty&kind=positive
elated&kind=positive
glad&kind=positive
jovial&kind=positive
satisfied&kind=positive
wonderful&kind=positive
elevated&kind=positive
glorious&kind=positive
joyful&kind=positive
awesome&kind=positive
admired&kind=positive
admire&kind=positive
conscientious&kind=positive
giving&kind=positive
mellow&kind=positive
reliable&kind=positive
adorable&kind=positive
considerate&kind=positive
respectful&kind=positive
affectionate&kind=positive
cooperative&kind=positive
helpful&kind=positive
moral&kind=positive
sensitive&kind=positive
agreeable&kind=positive
cordial&kind=positive
honest&kind=positive
neighborly&kind=positive
sweet&kind=positive
altruistic&kind=positive
courteous&kind=positive
honorable&kind=positive
dedicated&kind=positive
hospitable&kind=positive
devoted&kind=positive
thoughtful&kind=positive
interested&kind=positive
interesting&kind=positive
fair&kind=positive
patient&kind=positive
trustworthy&kind=positive
caring&kind=positive
faithful&kind=positive
peaceful&kind=positive
truthful&kind=positive
charming&kind=positive
forgiving&kind=positive
kindly&kind=positive
pleasant&kind=positive
understanding&kind=positive
unselfish&kind=positive
comforting&kind=positive
reasonable&kind=positive
ample&kind=positive
lots&kind=positive
paucity&kind=positive
plentiful&kind=positive
skimpy&kind=positive
chock-full&kind=positive
chock full&kind=positive
lavish&kind=positive
meager&kind=positive
plenty&kind=positive
numerous&kind=positive
scads&kind=positive
sufficient&kind=positive
loads&kind=positive
oodles&kind=positive
scant&kind=positive
well-stocked&kind=positive
well stocked&kind=positive
beautiful&kind=positive
cute&kind=positive
fresh&kind=positive
tasty&kind=positive
delicious&kind=positive
sound&kind=positive
blast&kind=positive
stunning&kind=positive
polite&kind=positive
helping&kind=positive
attractive&kind=positive
convenient&kind=positive
enjoyed&kind=positive
enjoyable&kind=positive
unbeatable&kind=positive
relaxing&kind=positive
comfy&kind=positive
impressed&kind=positive
gorgeous&kind=positive
luxurious&kind=positive
affordable&kind=positive
organised&kind=positive
OK&kind=positive
ok&kind=positive
Ok&kind=positive
classy&kind=positive
exellent&kind=positive
cosy&kind=positive
safe&kind=positive
helpfulness&kind=positive
lovely&kind=positive
new&kind=positive
efficient&kind=positive
a+&kind=positive
abound&kind=positive
abounds&kind=positive
abundance&kind=positive
abundant&kind=positive
accessable&kind=positive
accessible&kind=positive
acclaim&kind=positive
acclaimed&kind=positive
acclamation&kind=positive
accolade&kind=positive
accolades&kind=positive
accommodative&kind=positive
accomodative&kind=positive
accomplish&kind=positive
accomplished&kind=positive
accomplishment&kind=positive
accomplishments&kind=positive
accurate&kind=positive
accurately&kind=positive
achievable&kind=positive
achievement&kind=positive
achievements&kind=positive
achievible&kind=positive
acumen&kind=positive
adaptable&kind=positive
adaptive&kind=positive
adequate&kind=positive
adjustable&kind=positive
admirable&kind=positive
admirably&kind=positive
admiration&kind=positive
admire&kind=positive
admirer&kind=positive
admiring&kind=positive
admiringly&kind=positive
adorable&kind=positive
adore&kind=positive
adored&kind=positive
adorer&kind=positive
adoring&kind=positive
adoringly&kind=positive
adroit&kind=positive
adroitly&kind=positive
adulate&kind=positive
adulation&kind=positive
adulatory&kind=positive
advanced&kind=positive
advantage&kind=positive
advantageous&kind=positive
advantageously&kind=positive
advantages&kind=positive
adventuresome&kind=positive
adventurous&kind=positive
advocate&kind=positive
advocated&kind=positive
advocates&kind=positive
affability&kind=positive
affable&kind=positive
affably&kind=positive
affectation&kind=positive
affection&kind=positive
affectionate&kind=positive
affinity&kind=positive
affirm&kind=positive
affirmation&kind=positive
affirmative&kind=positive
affluence&kind=positive
affluent&kind=positive
afford&kind=positive
affordable&kind=positive
affordably&kind=positive
afordable&kind=positive
agile&kind=positive
agilely&kind=positive
agility&kind=positive
agreeable&kind=positive
agreeableness&kind=positive
agreeably&kind=positive
all-around&kind=positive
alluring&kind=positive
alluringly&kind=positive
altruistic&kind=positive
altruistically&kind=positive
amaze&kind=positive
amazed&kind=positive
amazement&kind=positive
amazes&kind=positive
amazing&kind=positive
amazingly&kind=positive
ambitious&kind=positive
ambitiously&kind=positive
ameliorate&kind=positive
amenable&kind=positive
amenity&kind=positive
amiability&kind=positive
amiabily&kind=positive
amiable&kind=positive
amicability&kind=positive
amicable&kind=positive
amicably&kind=positive
amity&kind=positive
ample&kind=positive
amply&kind=positive
amuse&kind=positive
amusing&kind=positive
amusingly&kind=positive
angel&kind=positive
angelic&kind=positive
apotheosis&kind=positive
appeal&kind=positive
appealing&kind=positive
applaud&kind=positive
appreciable&kind=positive
appreciate&kind=positive
appreciated&kind=positive
appreciates&kind=positive
appreciative&kind=positive
appreciatively&kind=positive
appropriate&kind=positive
approval&kind=positive
approve&kind=positive
ardent&kind=positive
ardently&kind=positive
ardor&kind=positive
articulate&kind=positive
aspiration&kind=positive
aspirations&kind=positive
aspire&kind=positive
assurance&kind=positive
assurances&kind=positive
assure&kind=positive
assuredly&kind=positive
assuring&kind=positive
astonish&kind=positive
astonished&kind=positive
astonishing&kind=positive
astonishingly&kind=positive
astonishment&kind=positive
astound&kind=positive
astounded&kind=positive
astounding&kind=positive
astoundingly&kind=positive
astutely&kind=positive
attentive&kind=positive
attraction&kind=positive
attractive&kind=positive
attractively&kind=positive
attune&kind=positive
audible&kind=positive
audibly&kind=positive
auspicious&kind=positive
authentic&kind=positive
authoritative&kind=positive
autonomous&kind=positive
available&kind=positive
aver&kind=positive
avid&kind=positive
avidly&kind=positive
award&kind=positive
awarded&kind=positive
awards&kind=positive
awe&kind=positive
awed&kind=positive
awesome&kind=positive
awesomely&kind=positive
awesomeness&kind=positive
awestruck&kind=positive
awsome&kind=positive
backbone&kind=positive
balanced&kind=positive
bargain&kind=positive
beauteous&kind=positive
beautiful&kind=positive
beautifullly&kind=positive
beautifully&kind=positive
beautify&kind=positive
beauty&kind=positive
beckon&kind=positive
beckoned&kind=positive
beckoning&kind=positive
beckons&kind=positive
believable&kind=positive
believeable&kind=positive
beloved&kind=positive
benefactor&kind=positive
beneficent&kind=positive
beneficial&kind=positive
beneficially&kind=positive
beneficiary&kind=positive
benefit&kind=positive
benefits&kind=positive
benevolence&kind=positive
benevolent&kind=positive
benifits&kind=positive
best&kind=positive
best-known&kind=positive
best-performing&kind=positive
best-selling&kind=positive
better&kind=positive
better-known&kind=positive
better-than-expected&kind=positive
beutifully&kind=positive
blameless&kind=positive
bless&kind=positive
blessing&kind=positive
bliss&kind=positive
blissful&kind=positive
blissfully&kind=positive
blithe&kind=positive
blockbuster&kind=positive
bloom&kind=positive
blossom&kind=positive
bolster&kind=positive
bonny&kind=positive
bonus&kind=positive
bonuses&kind=positive
boom&kind=positive
booming&kind=positive
boost&kind=positive
boundless&kind=positive
bountiful&kind=positive
brainiest&kind=positive
brainy&kind=positive
brand-new&kind=positive
brave&kind=positive
bravery&kind=positive
bravo&kind=positive
breakthrough&kind=positive
breakthroughs&kind=positive
breathlessness&kind=positive
breathtaking&kind=positive
breathtakingly&kind=positive
breeze&kind=positive
bright&kind=positive
brighten&kind=positive
brighter&kind=positive
brightest&kind=positive
brilliance&kind=positive
brilliances&kind=positive
brilliant&kind=positive
brilliantly&kind=positive
brisk&kind=positive
brotherly&kind=positive
bullish&kind=positive
buoyant&kind=positive
cajole&kind=positive
calm&kind=positive
calming&kind=positive
calmness&kind=positive
capability&kind=positive
capable&kind=positive
capably&kind=positive
captivate&kind=positive
captivating&kind=positive
carefree&kind=positive
cashback&kind=positive
cashbacks&kind=positive
catchy&kind=positive
celebrate&kind=positive
celebrated&kind=positive
celebration&kind=positive
celebratory&kind=positive
champ&kind=positive
champion&kind=positive
charisma&kind=positive
charismatic&kind=positive
charitable&kind=positive
charm&kind=positive
charming&kind=positive
charmingly&kind=positive
chaste&kind=positive
cheaper&kind=positive
cheapest&kind=positive
cheer&kind=positive
cheerful&kind=positive
cheery&kind=positive
cherish&kind=positive
cherished&kind=positive
cherub&kind=positive
chic&kind=positive
chivalrous&kind=positive
chivalry&kind=positive
civility&kind=positive
civilize&kind=positive
clarity&kind=positive
classic&kind=positive
classy&kind=positive
clean&kind=positive
cleaner&kind=positive
cleanest&kind=positive
cleanliness&kind=positive
cleanly&kind=positive
clear&kind=positive
clear-cut&kind=positive
cleared&kind=positive
clearer&kind=positive
clearly&kind=positive
clears&kind=positive
clever&kind=positive
cleverly&kind=positive
cohere&kind=positive
coherence&kind=positive
coherent&kind=positive
cohesive&kind=positive
colorful&kind=positive
comely&kind=positive
comfort&kind=positive
comfortable&kind=positive
comfortably&kind=positive
comforting&kind=positive
comfy&kind=positive
commend&kind=positive
commendable&kind=positive
commendably&kind=positive
commitment&kind=positive
commodious&kind=positive
compact&kind=positive
compactly&kind=positive
compassion&kind=positive
compassionate&kind=positive
compatible&kind=positive
competitive&kind=positive
complement&kind=positive
complementary&kind=positive
complemented&kind=positive
complements&kind=positive
compliant&kind=positive
compliment&kind=positive
complimentary&kind=positive
comprehensive&kind=positive
conciliate&kind=positive
conciliatory&kind=positive
concise&kind=positive
confidence&kind=positive
confident&kind=positive
congenial&kind=positive
congratulate&kind=positive
congratulation&kind=positive
congratulations&kind=positive
congratulatory&kind=positive
conscientious&kind=positive
considerate&kind=positive
consistent&kind=positive
consistently&kind=positive
constructive&kind=positive
consummate&kind=positive
contentment&kind=positive
continuity&kind=positive
contrasty&kind=positive
contribution&kind=positive
convenience&kind=positive
convenient&kind=positive
conveniently&kind=positive
convience&kind=positive
convienient&kind=positive
convient&kind=positive
convincing&kind=positive
convincingly&kind=positive
cool&kind=positive
coolest&kind=positive
cooperative&kind=positive
cooperatively&kind=positive
cornerstone&kind=positive
correct&kind=positive
correctly&kind=positive
cost-effective&kind=positive
cost-saving&kind=positive
counter-attack&kind=positive
counter-attacks&kind=positive
courage&kind=positive
courageous&kind=positive
courageously&kind=positive
courageousness&kind=positive
courteous&kind=positive
courtly&kind=positive
covenant&kind=positive
cozy&kind=positive
creative&kind=positive
credence&kind=positive
credible&kind=positive
crisp&kind=positive
crisper&kind=positive
cure&kind=positive
cure-all&kind=positive
cushy&kind=positive
cute&kind=positive
cuteness&kind=positive
danke&kind=positive
danken&kind=positive
daring&kind=positive
daringly&kind=positive
darling&kind=positive
dashing&kind=positive
dauntless&kind=positive
dawn&kind=positive
dazzle&kind=positive
dazzled&kind=positive
dazzling&kind=positive
dead-cheap&kind=positive
dead-on&kind=positive
decency&kind=positive
decent&kind=positive
decisive&kind=positive
decisiveness&kind=positive
dedicated&kind=positive
defeat&kind=positive
defeated&kind=positive
defeating&kind=positive
defeats&kind=positive
defender&kind=positive
deference&kind=positive
deft&kind=positive
deginified&kind=positive
delectable&kind=positive
delicacy&kind=positive
delicate&kind=positive
delicious&kind=positive
delight&kind=positive
delighted&kind=positive
delightful&kind=positive
delightfully&kind=positive
delightfulness&kind=positive
dependable&kind=positive
dependably&kind=positive
deservedly&kind=positive
deserving&kind=positive
desirable&kind=positive
desiring&kind=positive
desirous&kind=positive
destiny&kind=positive
detachable&kind=positive
devout&kind=positive
dexterous&kind=positive
dexterously&kind=positive
dextrous&kind=positive
dignified&kind=positive
dignify&kind=positive
dignity&kind=positive
diligence&kind=positive
diligent&kind=positive
diligently&kind=positive
diplomatic&kind=positive
dirt-cheap&kind=positive
distinction&kind=positive
distinctive&kind=positive
distinguished&kind=positive
diversified&kind=positive
divine&kind=positive
divinely&kind=positive
dominate&kind=positive
dominated&kind=positive
dominates&kind=positive
dote&kind=positive
dotingly&kind=positive
doubtless&kind=positive
dreamland&kind=positive
dumbfounded&kind=positive
dumbfounding&kind=positive
dummy-proof&kind=positive
durable&kind=positive
dynamic&kind=positive
eager&kind=positive
eagerly&kind=positive
eagerness&kind=positive
earnest&kind=positive
earnestly&kind=positive
earnestness&kind=positive
ease&kind=positive
eased&kind=positive
eases&kind=positive
easier&kind=positive
easiest&kind=positive
easiness&kind=positive
easing&kind=positive
easy&kind=positive
easy-to-use&kind=positive
easygoing&kind=positive
ebullience&kind=positive
ebullient&kind=positive
ebulliently&kind=positive
ecenomical&kind=positive
economical&kind=positive
ecstasies&kind=positive
ecstasy&kind=positive
ecstatic&kind=positive
ecstatically&kind=positive
edify&kind=positive
educated&kind=positive
effective&kind=positive
effectively&kind=positive
effectiveness&kind=positive
effectual&kind=positive
efficacious&kind=positive
efficient&kind=positive
efficiently&kind=positive
effortless&kind=positive
effortlessly&kind=positive
effusion&kind=positive
effusive&kind=positive
effusively&kind=positive
effusiveness&kind=positive
elan&kind=positive
elate&kind=positive
elated&kind=positive
elatedly&kind=positive
elation&kind=positive
electrify&kind=positive
elegance&kind=positive
elegant&kind=positive
elegantly&kind=positive
elevate&kind=positive
elite&kind=positive
eloquence&kind=positive
eloquent&kind=positive
eloquently&kind=positive
embolden&kind=positive
eminence&kind=positive
eminent&kind=positive
empathize&kind=positive
empathy&kind=positive
empower&kind=positive
empowerment&kind=positive
enchant&kind=positive
enchanted&kind=positive
enchanting&kind=positive
enchantingly&kind=positive
encourage&kind=positive
encouragement&kind=positive
encouraging&kind=positive
encouragingly&kind=positive
endear&kind=positive
endearing&kind=positive
endorse&kind=positive
endorsed&kind=positive
endorsement&kind=positive
endorses&kind=positive
endorsing&kind=positive
energetic&kind=positive
energize&kind=positive
energy-efficient&kind=positive
energy-saving&kind=positive
engaging&kind=positive
engrossing&kind=positive
enhance&kind=positive
enhanced&kind=positive
enhancement&kind=positive
enhances&kind=positive
enjoy&kind=positive
enjoyable&kind=positive
enjoyably&kind=positive
enjoyed&kind=positive
enjoying&kind=positive
enjoyment&kind=positive
enjoys&kind=positive
enlighten&kind=positive
enlightenment&kind=positive
enliven&kind=positive
ennoble&kind=positive
enough&kind=positive
enrapt&kind=positive
enrapture&kind=positive
enraptured&kind=positive
enrich&kind=positive
enrichment&kind=positive
enterprising&kind=positive
entertain&kind=positive
entertaining&kind=positive
entertains&kind=positive
enthral&kind=positive
enthrall&kind=positive
enthralled&kind=positive
enthuse&kind=positive
enthusiasm&kind=positive
enthusiast&kind=positive
enthusiastic&kind=positive
enthusiastically&kind=positive
entice&kind=positive
enticed&kind=positive
enticing&kind=positive
enticingly&kind=positive
entranced&kind=positive
entrancing&kind=positive
entrust&kind=positive
enviable&kind=positive
enviably&kind=positive
envious&kind=positive
enviously&kind=positive
enviousness&kind=positive
envy&kind=positive
equitable&kind=positive
ergonomical&kind=positive
err-free&kind=positive
erudite&kind=positive
ethical&kind=positive
eulogize&kind=positive
euphoria&kind=positive
euphoric&kind=positive
euphorically&kind=positive
evaluative&kind=positive
evenly&kind=positive
eventful&kind=positive
everlasting&kind=positive
evocative&kind=positive
exalt&kind=positive
exaltation&kind=positive
exalted&kind=positive
exaltedly&kind=positive
exalting&kind=positive
exaltingly&kind=positive
examplar&kind=positive
examplary&kind=positive
excallent&kind=positive
exceed&kind=positive
exceeded&kind=positive
exceeding&kind=positive
exceedingly&kind=positive
exceeds&kind=positive
excel&kind=positive
exceled&kind=positive
excelent&kind=positive
excellant&kind=positive
excelled&kind=positive
excellence&kind=positive
excellency&kind=positive
excellent&kind=positive
excellently&kind=positive
excels&kind=positive
exceptional&kind=positive
exceptionally&kind=positive
excite&kind=positive
excited&kind=positive
excitedly&kind=positive
excitedness&kind=positive
excitement&kind=positive
excites&kind=positive
exciting&kind=positive
excitingly&kind=positive
exellent&kind=positive
exemplar&kind=positive
exemplary&kind=positive
exhilarate&kind=positive
exhilarating&kind=positive
exhilaratingly&kind=positive
exhilaration&kind=positive
exonerate&kind=positive
expansive&kind=positive
expeditiously&kind=positive
expertly&kind=positive
exquisite&kind=positive
exquisitely&kind=positive
extol&kind=positive
extoll&kind=positive
extraordinarily&kind=positive
extraordinary&kind=positive
exuberance&kind=positive
exuberant&kind=positive
exuberantly&kind=positive
exult&kind=positive
exultant&kind=positive
exultation&kind=positive
exultingly&kind=positive
eye-catch&kind=positive
eye-catching&kind=positive
eyecatch&kind=positive
eyecatching&kind=positive
fabulous&kind=positive
fabulously&kind=positive
facilitate&kind=positive
fair&kind=positive
fairly&kind=positive
fairness&kind=positive
faith&kind=positive
faithful&kind=positive
faithfully&kind=positive
faithfulness&kind=positive
fame&kind=positive
famed&kind=positive
famous&kind=positive
famously&kind=positive
fancier&kind=positive
fancinating&kind=positive
fancy&kind=positive
fanfare&kind=positive
fans&kind=positive
fantastic&kind=positive
fantastically&kind=positive
fascinate&kind=positive
fascinating&kind=positive
fascinatingly&kind=positive
fascination&kind=positive
fashionable&kind=positive
fashionably&kind=positive
fast&kind=positive
fast-growing&kind=positive
fast-paced&kind=positive
faster&kind=positive
fastest&kind=positive
fastest-growing&kind=positive
faultless&kind=positive
fav&kind=positive
fave&kind=positive
favor&kind=positive
favorable&kind=positive
favored&kind=positive
favorite&kind=positive
favorited&kind=positive
favour&kind=positive
fearless&kind=positive
fearlessly&kind=positive
feasible&kind=positive
feasibly&kind=positive
feat&kind=positive
feature-rich&kind=positive
fecilitous&kind=positive
feisty&kind=positive
felicitate&kind=positive
felicitous&kind=positive
felicity&kind=positive
fertile&kind=positive
fervent&kind=positive
fervently&kind=positive
fervid&kind=positive
fervidly&kind=positive
fervor&kind=positive
festive&kind=positive
fidelity&kind=positive
fiery&kind=positive
fine&kind=positive
fine-looking&kind=positive
finely&kind=positive
finer&kind=positive
finest&kind=positive
firmer&kind=positive
first-class&kind=positive
first-in-class&kind=positive
first-rate&kind=positive
flashy&kind=positive
flatter&kind=positive
flattering&kind=positive
flatteringly&kind=positive
flawless&kind=positive
flawlessly&kind=positive
flexibility&kind=positive
flexible&kind=positive
flourish&kind=positive
flourishing&kind=positive
fluent&kind=positive
flutter&kind=positive
fond&kind=positive
fondly&kind=positive
fondness&kind=positive
foolproof&kind=positive
foremost&kind=positive
foresight&kind=positive
formidable&kind=positive
fortitude&kind=positive
fortuitous&kind=positive
fortuitously&kind=positive
fortunate&kind=positive
fortunately&kind=positive
fortune&kind=positive
fragrant&kind=positive
free&kind=positive
freed&kind=positive
freedom&kind=positive
freedoms&kind=positive
fresh&kind=positive
fresher&kind=positive
freshest&kind=positive
friendliness&kind=positive
friendly&kind=positive
frolic&kind=positive
frugal&kind=positive
fruitful&kind=positive
ftw&kind=positive
fulfillment&kind=positive
fun&kind=positive
futurestic&kind=positive
futuristic&kind=positive
gaiety&kind=positive
gaily&kind=positive
gain&kind=positive
gained&kind=positive
gainful&kind=positive
gainfully&kind=positive
gaining&kind=positive
gains&kind=positive
gallant&kind=positive
gallantly&kind=positive
galore&kind=positive
geekier&kind=positive
geeky&kind=positive
gem&kind=positive
gems&kind=positive
generosity&kind=positive
generous&kind=positive
generously&kind=positive
genial&kind=positive
genius&kind=positive
gentle&kind=positive
gentlest&kind=positive
genuine&kind=positive
gifted&kind=positive
glad&kind=positive
gladden&kind=positive
gladly&kind=positive
gladness&kind=positive
glamorous&kind=positive
glee&kind=positive
gleeful&kind=positive
gleefully&kind=positive
glimmer&kind=positive
glimmering&kind=positive
glisten&kind=positive
glistening&kind=positive
glitter&kind=positive
glitz&kind=positive
glorify&kind=positive
glorious&kind=positive
gloriously&kind=positive
glory&kind=positive
glow&kind=positive
glowing&kind=positive
glowingly&kind=positive
god-given&kind=positive
god-send&kind=positive
godlike&kind=positive
godsend&kind=positive
gold&kind=positive
golden&kind=positive
good&kind=positive
goodly&kind=positive
goodness&kind=positive
goodwill&kind=positive
goood&kind=positive
gooood&kind=positive
gorgeous&kind=positive
gorgeously&kind=positive
grace&kind=positive
graceful&kind=positive
gracefully&kind=positive
gracious&kind=positive
graciously&kind=positive
graciousness&kind=positive
grand&kind=positive
grandeur&kind=positive
grateful&kind=positive
gratefully&kind=positive
gratification&kind=positive
gratified&kind=positive
gratifies&kind=positive
gratify&kind=positive
gratifying&kind=positive
gratifyingly&kind=positive
gratitude&kind=positive
great&kind=positive
greatest&kind=positive
greatness&kind=positive
grin&kind=positive
groundbreaking&kind=positive
guarantee&kind=positive
guidance&kind=positive
guiltless&kind=positive
gumption&kind=positive
gush&kind=positive
gusto&kind=positive
gutsy&kind=positive
hail&kind=positive
halcyon&kind=positive
hale&kind=positive
hallmark&kind=positive
hallmarks&kind=positive
hallowed&kind=positive
handier&kind=positive
handily&kind=positive
hands-down&kind=positive
handsome&kind=positive
handsomely&kind=positive
handy&kind=positive
happier&kind=positive
happily&kind=positive
happiness&kind=positive
happy&kind=positive
hard-working&kind=positive
hardier&kind=positive
hardy&kind=positive
harmless&kind=positive
harmonious&kind=positive
harmoniously&kind=positive
harmonize&kind=positive
harmony&kind=positive
headway&kind=positive
heal&kind=positive
healthful&kind=positive
healthy&kind=positive
hearten&kind=positive
heartening&kind=positive
heartfelt&kind=positive
heartily&kind=positive
heartwarming&kind=positive
heaven&kind=positive
heavenly&kind=positive
helped&kind=positive
helpful&kind=positive
helping&kind=positive
hero&kind=positive
heroic&kind=positive
heroically&kind=positive
heroine&kind=positive
heroize&kind=positive
heros&kind=positive
high-quality&kind=positive
high-spirited&kind=positive
hilarious&kind=positive
holy&kind=positive
homage&kind=positive
honest&kind=positive
honesty&kind=positive
honor&kind=positive
honorable&kind=positive
honored&kind=positive
honoring&kind=positive
hooray&kind=positive
hopeful&kind=positive
hospitable&kind=positive
hot&kind=positive
hotcake&kind=positive
hotcakes&kind=positive
hottest&kind=positive
hug&kind=positive
humane&kind=positive
humble&kind=positive
humility&kind=positive
humor&kind=positive
humorous&kind=positive
humorously&kind=positive
humour&kind=positive
humourous&kind=positive
ideal&kind=positive
idealize&kind=positive
ideally&kind=positive
idol&kind=positive
idolize&kind=positive
idolized&kind=positive
idyllic&kind=positive
illuminate&kind=positive
illuminati&kind=positive
illuminating&kind=positive
illumine&kind=positive
illustrious&kind=positive
ilu&kind=positive
imaculate&kind=positive
imaginative&kind=positive
immaculate&kind=positive
immaculately&kind=positive
immense&kind=positive
impartial&kind=positive
impartiality&kind=positive
impartially&kind=positive
impassioned&kind=positive
impeccable&kind=positive
impeccably&kind=positive
important&kind=positive
impress&kind=positive
impressed&kind=positive
impresses&kind=positive
impressive&kind=positive
impressively&kind=positive
impressiveness&kind=positive
improve&kind=positive
improved&kind=positive
improvement&kind=positive
improvements&kind=positive
improves&kind=positive
improving&kind=positive
incredible&kind=positive
incredibly&kind=positive
indebted&kind=positive
individualized&kind=positive
indulgence&kind=positive
indulgent&kind=positive
industrious&kind=positive
inestimable&kind=positive
inestimably&kind=positive
inexpensive&kind=positive
infallibility&kind=positive
infallible&kind=positive
infallibly&kind=positive
influential&kind=positive
ingenious&kind=positive
ingeniously&kind=positive
ingenuity&kind=positive
ingenuous&kind=positive
ingenuously&kind=positive
innocuous&kind=positive
innovation&kind=positive
innovative&kind=positive
inpressed&kind=positive
insightful&kind=positive
insightfully&kind=positive
inspiration&kind=positive
inspirational&kind=positive
inspire&kind=positive
inspiring&kind=positive
instantly&kind=positive
instructive&kind=positive
instrumental&kind=positive
integral&kind=positive
integrated&kind=positive
intelligence&kind=positive
intelligent&kind=positive
intelligible&kind=positive
interesting&kind=positive
interests&kind=positive
intimacy&kind=positive
intimate&kind=positive
intricate&kind=positive
intrigue&kind=positive
intriguing&kind=positive
intriguingly&kind=positive
intuitive&kind=positive
invaluable&kind=positive
invaluablely&kind=positive
inventive&kind=positive
invigorate&kind=positive
invigorating&kind=positive
invincibility&kind=positive
invincible&kind=positive
inviolable&kind=positive
inviolate&kind=positive
invulnerable&kind=positive
irreplaceable&kind=positive
irreproachable&kind=positive
irresistible&kind=positive
irresistibly&kind=positive
issue-free&kind=positive
jaw-droping&kind=positive
jaw-dropping&kind=positive
jollify&kind=positive
jolly&kind=positive
jovial&kind=positive
joy&kind=positive
joyful&kind=positive
joyfully&kind=positive
joyous&kind=positive
joyously&kind=positive
jubilant&kind=positive
jubilantly&kind=positive
jubilate&kind=positive
jubilation&kind=positive
jubiliant&kind=positive
judicious&kind=positive
justly&kind=positive
keen&kind=positive
keenly&kind=positive
keenness&kind=positive
kid-friendly&kind=positive
kindliness&kind=positive
kindly&kind=positive
kindness&kind=positive
knowledgeable&kind=positive
kudos&kind=positive
large-capacity&kind=positive
laud&kind=positive
laudable&kind=positive
laudably&kind=positive
lavish&kind=positive
lavishly&kind=positive
law-abiding&kind=positive
lawful&kind=positive
lawfully&kind=positive
lead&kind=positive
leading&kind=positive
leads&kind=positive
lean&kind=positive
led&kind=positive
legendary&kind=positive
leverage&kind=positive
levity&kind=positive
liberate&kind=positive
liberation&kind=positive
liberty&kind=positive
lifesaver&kind=positive
light-hearted&kind=positive
lighter&kind=positive
likable&kind=positive
like&kind=positive
liked&kind=positive
likes&kind=positive
liking&kind=positive
lionhearted&kind=positive
lively&kind=positive
logical&kind=positive
long-lasting&kind=positive
lovable&kind=positive
lovably&kind=positive
love&kind=positive
loved&kind=positive
loveliness&kind=positive
lovely&kind=positive
lover&kind=positive
loves&kind=positive
loving&kind=positive
low-cost&kind=positive
low-price&kind=positive
low-priced&kind=positive
low-risk&kind=positive
lower-priced&kind=positive
loyal&kind=positive
loyalty&kind=positive
lucid&kind=positive
lucidly&kind=positive
luck&kind=positive
luckier&kind=positive
luckiest&kind=positive
luckiness&kind=positive
lucky&kind=positive
lucrative&kind=positive
luminous&kind=positive
lush&kind=positive
luster&kind=positive
lustrous&kind=positive
luxuriant&kind=positive
luxuriate&kind=positive
luxurious&kind=positive
luxuriously&kind=positive
luxury&kind=positive
lyrical&kind=positive
magic&kind=positive
magical&kind=positive
magnanimous&kind=positive
magnanimously&kind=positive
magnificence&kind=positive
magnificent&kind=positive
magnificently&kind=positive
majestic&kind=positive
majesty&kind=positive
manageable&kind=positive
maneuverable&kind=positive
marvel&kind=positive
marveled&kind=positive
marvelled&kind=positive
marvellous&kind=positive
marvelous&kind=positive
marvelously&kind=positive
marvelousness&kind=positive
marvels&kind=positive
master&kind=positive
masterful&kind=positive
masterfully&kind=positive
masterpiece&kind=positive
masterpieces&kind=positive
masters&kind=positive
mastery&kind=positive
matchless&kind=positive
mature&kind=positive
maturely&kind=positive
maturity&kind=positive
meaningful&kind=positive
memorable&kind=positive
merciful&kind=positive
mercifully&kind=positive
mercy&kind=positive
merit&kind=positive
meritorious&kind=positive
merrily&kind=positive
merriment&kind=positive
merriness&kind=positive
merry&kind=positive
mesmerize&kind=positive
mesmerized&kind=positive
mesmerizes&kind=positive
mesmerizing&kind=positive
mesmerizingly&kind=positive
meticulous&kind=positive
meticulously&kind=positive
mightily&kind=positive
mighty&kind=positive
mind-blowing&kind=positive
miracle&kind=positive
miracles&kind=positive
miraculous&kind=positive
miraculously&kind=positive
miraculousness&kind=positive
modern&kind=positive
modest&kind=positive
modesty&kind=positive
momentous&kind=positive
monumental&kind=positive
monumentally&kind=positive
morality&kind=positive
motivated&kind=positive
multi-purpose&kind=positive
navigable&kind=positive
neat&kind=positive
neatest&kind=positive
neatly&kind=positive
nice&kind=positive
nicely&kind=positive
nicer&kind=positive
nicest&kind=positive
nifty&kind=positive
nimble&kind=positive
noble&kind=positive
nobly&kind=positive
noiseless&kind=positive
non-violence&kind=positive
non-violent&kind=positive
notably&kind=positive
noteworthy&kind=positive
nourish&kind=positive
nourishing&kind=positive
nourishment&kind=positive
novelty&kind=positive
nurturing&kind=positive
oasis&kind=positive
obsession&kind=positive
obsessions&kind=positive
obtainable&kind=positive
openly&kind=positive
openness&kind=positive
optimal&kind=positive
optimism&kind=positive
optimistic&kind=positive
opulent&kind=positive
orderly&kind=positive
originality&kind=positive
outdo&kind=positive
outdone&kind=positive
outperform&kind=positive
outperformed&kind=positive
outperforming&kind=positive
outperforms&kind=positive
outshine&kind=positive
outshone&kind=positive
outsmart&kind=positive
outstanding&kind=positive
outstandingly&kind=positive
outstrip&kind=positive
outwit&kind=positive
ovation&kind=positive
overjoyed&kind=positive
overtake&kind=positive
overtaken&kind=positive
overtakes&kind=positive
overtaking&kind=positive
overtook&kind=positive
overture&kind=positive
pain-free&kind=positive
painless&kind=positive
painlessly&kind=positive
palatial&kind=positive
pamper&kind=positive
pampered&kind=positive
pamperedly&kind=positive
pamperedness&kind=positive
pampers&kind=positive
panoramic&kind=positive
paradise&kind=positive
paramount&kind=positive
pardon&kind=positive
passion&kind=positive
passionate&kind=positive
passionately&kind=positive
patience&kind=positive
patient&kind=positive
patiently&kind=positive
patriot&kind=positive
patriotic&kind=positive
peace&kind=positive
peaceable&kind=positive
peaceful&kind=positive
peacefully&kind=positive
peacekeepers&kind=positive
peach&kind=positive
peerless&kind=positive
pep&kind=positive
pepped&kind=positive
pepping&kind=positive
peppy&kind=positive
peps&kind=positive
perfect&kind=positive
perfection&kind=positive
perfectly&kind=positive
permissible&kind=positive
perseverance&kind=positive
persevere&kind=positive
personages&kind=positive
personalized&kind=positive
phenomenal&kind=positive
phenomenally&kind=positive
picturesque&kind=positive
piety&kind=positive
pinnacle&kind=positive
playful&kind=positive
playfully&kind=positive
pleasant&kind=positive
pleasantly&kind=positive
pleased&kind=positive
pleases&kind=positive
pleasing&kind=positive
pleasingly&kind=positive
pleasurable&kind=positive
pleasurably&kind=positive
pleasure&kind=positive
plentiful&kind=positive
pluses&kind=positive
plush&kind=positive
plusses&kind=positive
poetic&kind=positive
poeticize&kind=positive
poignant&kind=positive
poise&kind=positive
poised&kind=positive
polished&kind=positive
polite&kind=positive
politeness&kind=positive
popular&kind=positive
portable&kind=positive
posh&kind=positive
positive&kind=positive
positively&kind=positive
positives&kind=positive
powerful&kind=positive
powerfully&kind=positive
praise&kind=positive
praiseworthy&kind=positive
praising&kind=positive
pre-eminent&kind=positive
precious&kind=positive
precise&kind=positive
precisely&kind=positive
preeminent&kind=positive
prefer&kind=positive
preferable&kind=positive
preferably&kind=positive
prefered&kind=positive
preferes&kind=positive
preferring&kind=positive
prefers&kind=positive
premier&kind=positive
prestige&kind=positive
prestigious&kind=positive
prettily&kind=positive
pretty&kind=positive
priceless&kind=positive
pride&kind=positive
principled&kind=positive
privilege&kind=positive
privileged&kind=positive
prize&kind=positive
proactive&kind=positive
problem-free&kind=positive
problem-solver&kind=positive
prodigious&kind=positive
prodigiously&kind=positive
prodigy&kind=positive
productive&kind=positive
productively&kind=positive
proficient&kind=positive
proficiently&kind=positive
profound&kind=positive
profoundly&kind=positive
profuse&kind=positive
profusion&kind=positive
progress&kind=positive
progressive&kind=positive
prolific&kind=positive
prominence&kind=positive
prominent&kind=positive
promise&kind=positive
promised&kind=positive
promises&kind=positive
promising&kind=positive
promoter&kind=positive
prompt&kind=positive
promptly&kind=positive
proper&kind=positive
properly&kind=positive
propitious&kind=positive
propitiously&kind=positive
pros&kind=positive
prosper&kind=positive
prosperity&kind=positive
prosperous&kind=positive
prospros&kind=positive
protect&kind=positive
protection&kind=positive
protective&kind=positive
proud&kind=positive
proven&kind=positive
proves&kind=positive
providence&kind=positive
proving&kind=positive
prowess&kind=positive
prudence&kind=positive
prudent&kind=positive
prudently&kind=positive
punctual&kind=positive
pure&kind=positive
purify&kind=positive
purposeful&kind=positive
quaint&kind=positive
qualified&kind=positive
qualify&kind=positive
quicker&kind=positive
quiet&kind=positive
quieter&kind=positive
radiance&kind=positive
radiant&kind=positive
rapid&kind=positive
rapport&kind=positive
rapt&kind=positive
rapture&kind=positive
raptureous&kind=positive
raptureously&kind=positive
rapturous&kind=positive
rapturously&kind=positive
rational&kind=positive
razor-sharp&kind=positive
reachable&kind=positive
readable&kind=positive
readily&kind=positive
ready&kind=positive
reaffirm&kind=positive
reaffirmation&kind=positive
realistic&kind=positive
realizable&kind=positive
reasonable&kind=positive
reasonably&kind=positive
reasoned&kind=positive
reassurance&kind=positive
reassure&kind=positive
receptive&kind=positive
reclaim&kind=positive
recomend&kind=positive
recommend&kind=positive
recommendation&kind=positive
recommendations&kind=positive
recommended&kind=positive
reconcile&kind=positive
reconciliation&kind=positive
record-setting&kind=positive
recover&kind=positive
recovery&kind=positive
rectification&kind=positive
rectify&kind=positive
rectifying&kind=positive
redeem&kind=positive
redeeming&kind=positive
redemption&kind=positive
refine&kind=positive
refined&kind=positive
refinement&kind=positive
reform&kind=positive
reformed&kind=positive
reforming&kind=positive
reforms&kind=positive
refresh&kind=positive
refreshed&kind=positive
refreshing&kind=positive
refund&kind=positive
refunded&kind=positive
regal&kind=positive
regally&kind=positive
regard&kind=positive
rejoice&kind=positive
rejoicing&kind=positive
rejoicingly&kind=positive
rejuvenate&kind=positive
rejuvenated&kind=positive
rejuvenating&kind=positive
relaxed&kind=positive
relent&kind=positive
reliable&kind=positive
reliably&kind=positive
relief&kind=positive
relish&kind=positive
remarkable&kind=positive
remarkably&kind=positive
remedy&kind=positive
remission&kind=positive
remunerate&kind=positive
renaissance&kind=positive
renewed&kind=positive
renown&kind=positive
renowned&kind=positive
replaceable&kind=positive
reputable&kind=positive
reputation&kind=positive
resilient&kind=positive
resolute&kind=positive
resound&kind=positive
resounding&kind=positive
resourceful&kind=positive
resourcefulness&kind=positive
respect&kind=positive
respectable&kind=positive
respectful&kind=positive
respectfully&kind=positive
respite&kind=positive
resplendent&kind=positive
responsibly&kind=positive
responsive&kind=positive
restful&kind=positive
restored&kind=positive
restructure&kind=positive
restructured&kind=positive
restructuring&kind=positive
retractable&kind=positive
revel&kind=positive
revelation&kind=positive
revere&kind=positive
reverence&kind=positive
reverent&kind=positive
reverently&kind=positive
revitalize&kind=positive
revival&kind=positive
revive&kind=positive
revives&kind=positive
revolutionary&kind=positive
revolutionize&kind=positive
revolutionized&kind=positive
revolutionizes&kind=positive
reward&kind=positive
rewarding&kind=positive
rewardingly&kind=positive
rich&kind=positive
richer&kind=positive
richly&kind=positive
richness&kind=positive
right&kind=positive
righten&kind=positive
righteous&kind=positive
righteously&kind=positive
righteousness&kind=positive
rightful&kind=positive
rightfully&kind=positive
rightly&kind=positive
rightness&kind=positive
risk-free&kind=positive
robust&kind=positive
rock-star&kind=positive
rock-stars&kind=positive
rockstar&kind=positive
rockstars&kind=positive
romantic&kind=positive
romantically&kind=positive
romanticize&kind=positive
roomier&kind=positive
roomy&kind=positive
rosy&kind=positive
safe&kind=positive
safely&kind=positive
sagacity&kind=positive
sagely&kind=positive
saint&kind=positive
saintliness&kind=positive
saintly&kind=positive
salutary&kind=positive
salute&kind=positive
sane&kind=positive
satisfactorily&kind=positive
satisfactory&kind=positive
satisfied&kind=positive
satisfies&kind=positive
satisfy&kind=positive
satisfying&kind=positive
satisified&kind=positive
saver&kind=positive
savings&kind=positive
savior&kind=positive
savvy&kind=positive
scenic&kind=positive
seamless&kind=positive
seasoned&kind=positive
secure&kind=positive
securely&kind=positive
selective&kind=positive
self-determination&kind=positive
self-respect&kind=positive
self-satisfaction&kind=positive
self-sufficiency&kind=positive
self-sufficient&kind=positive
sensation&kind=positive
sensational&kind=positive
sensationally&kind=positive
sensations&kind=positive
sensible&kind=positive
sensibly&kind=positive
sensitive&kind=positive
serene&kind=positive
serenity&kind=positive
sexy&kind=positive
sharp&kind=positive
sharper&kind=positive
sharpest&kind=positive
shimmering&kind=positive
shimmeringly&kind=positive
shine&kind=positive
shiny&kind=positive
significant&kind=positive
silent&kind=positive
simpler&kind=positive
simplest&kind=positive
simplified&kind=positive
simplifies&kind=positive
simplify&kind=positive
simplifying&kind=positive
sincere&kind=positive
sincerely&kind=positive
sincerity&kind=positive
skill&kind=positive
skilled&kind=positive
skillful&kind=positive
skillfully&kind=positive
slammin&kind=positive
sleek&kind=positive
slick&kind=positive
smart&kind=positive
smarter&kind=positive
smartest&kind=positive
smartly&kind=positive
smile&kind=positive
smiles&kind=positive
smiling&kind=positive
smilingly&kind=positive
smitten&kind=positive
smooth&kind=positive
smoother&kind=positive
smoothes&kind=positive
smoothest&kind=positive
smoothly&kind=positive
snappy&kind=positive
snazzy&kind=positive
sociable&kind=positive
soft&kind=positive
softer&kind=positive
solace&kind=positive
solicitous&kind=positive
solicitously&kind=positive
solid&kind=positive
solidarity&kind=positive
soothe&kind=positive
soothingly&kind=positive
sophisticated&kind=positive
soulful&kind=positive
soundly&kind=positive
soundness&kind=positive
spacious&kind=positive
sparkle&kind=positive
sparkling&kind=positive
spectacular&kind=positive
spectacularly&kind=positive
speedily&kind=positive
speedy&kind=positive
spellbind&kind=positive
spellbinding&kind=positive
spellbindingly&kind=positive
spellbound&kind=positive
spirited&kind=positive
spiritual&kind=positive
splendid&kind=positive
splendidly&kind=positive
splendor&kind=positive
spontaneous&kind=positive
sporty&kind=positive
spotless&kind=positive
sprightly&kind=positive
stability&kind=positive
stabilize&kind=positive
stable&kind=positive
stainless&kind=positive
standout&kind=positive
state-of-the-art&kind=positive
stately&kind=positive
statuesque&kind=positive
staunch&kind=positive
staunchly&kind=positive
staunchness&kind=positive
steadfast&kind=positive
steadfastly&kind=positive
steadfastness&kind=positive
steadiest&kind=positive
steadiness&kind=positive
steady&kind=positive
stellar&kind=positive
stellarly&kind=positive
stimulate&kind=positive
stimulates&kind=positive
stimulating&kind=positive
stimulative&kind=positive
stirringly&kind=positive
straighten&kind=positive
straightforward&kind=positive
streamlined&kind=positive
striking&kind=positive
strikingly&kind=positive
striving&kind=positive
strong&kind=positive
stronger&kind=positive
strongest&kind=positive
stunned&kind=positive
stunning&kind=positive
stunningly&kind=positive
stupendous&kind=positive
stupendously&kind=positive
sturdier&kind=positive
sturdy&kind=positive
stylish&kind=positive
stylishly&kind=positive
stylized&kind=positive
suave&kind=positive
suavely&kind=positive
sublime&kind=positive
subsidize&kind=positive
subsidized&kind=positive
subsidizes&kind=positive
subsidizing&kind=positive
substantive&kind=positive
succeed&kind=positive
succeeded&kind=positive
succeeding&kind=positive
succeeds&kind=positive
succes&kind=positive
success&kind=positive
successes&kind=positive
successful&kind=positive
successfully&kind=positive
suffice&kind=positive
sufficed&kind=positive
suffices&kind=positive
sufficient&kind=positive
sufficiently&kind=positive
suitable&kind=positive
sumptuous&kind=positive
sumptuously&kind=positive
sumptuousness&kind=positive
super&kind=positive
superb&kind=positive
superbly&kind=positive
superior&kind=positive
superiority&kind=positive
supple&kind=positive
support&kind=positive
supported&kind=positive
supporter&kind=positive
supporting&kind=positive
supportive&kind=positive
supports&kind=positive
supremacy&kind=positive
supreme&kind=positive
supremely&kind=positive
supurb&kind=positive
supurbly&kind=positive
surmount&kind=positive
surpass&kind=positive
surreal&kind=positive
survival&kind=positive
survivor&kind=positive
sustainability&kind=positive
sustainable&kind=positive
swank&kind=positive
swankier&kind=positive
swankiest&kind=positive
swanky&kind=positive
sweeping&kind=positive
sweet&kind=positive
sweeten&kind=positive
sweetheart&kind=positive
sweetly&kind=positive
sweetness&kind=positive
swift&kind=positive
swiftness&kind=positive
talent&kind=positive
talented&kind=positive
talents&kind=positive
tantalize&kind=positive
tantalizing&kind=positive
tantalizingly&kind=positive
tempt&kind=positive
tempting&kind=positive
temptingly&kind=positive
tenacious&kind=positive
tenaciously&kind=positive
tenacity&kind=positive
tender&kind=positive
tenderly&kind=positive
terrific&kind=positive
terrifically&kind=positive
thank&kind=positive
thankful&kind=positive
thinner&kind=positive
thoughtful&kind=positive
thoughtfully&kind=positive
thoughtfulness&kind=positive
thrift&kind=positive
thrifty&kind=positive
thrill&kind=positive
thrilled&kind=positive
thrilling&kind=positive
thrillingly&kind=positive
thrills&kind=positive
thrive&kind=positive
thriving&kind=positive
thumb-up&kind=positive
thumbs-up&kind=positive
tickle&kind=positive
tidy&kind=positive
time-honored&kind=positive
timely&kind=positive
tingle&kind=positive
titillate&kind=positive
titillating&kind=positive
titillatingly&kind=positive
togetherness&kind=positive
tolerable&kind=positive
toll-free&kind=positive
top&kind=positive
top-notch&kind=positive
top-quality&kind=positive
topnotch&kind=positive
tops&kind=positive
tough&kind=positive
tougher&kind=positive
toughest&kind=positive
traction&kind=positive
tranquil&kind=positive
tranquility&kind=positive
transparent&kind=positive
treasure&kind=positive
tremendously&kind=positive
trendy&kind=positive
triumph&kind=positive
triumphal&kind=positive
triumphant&kind=positive
triumphantly&kind=positive
trivially&kind=positive
trophy&kind=positive
trouble-free&kind=positive
trump&kind=positive
trumpet&kind=positive
trust&kind=positive
trusted&kind=positive
trusting&kind=positive
trustingly&kind=positive
trustworthiness&kind=positive
trustworthy&kind=positive
trusty&kind=positive
truthful&kind=positive
truthfully&kind=positive
truthfulness&kind=positive
twinkly&kind=positive
ultra-crisp&kind=positive
unabashed&kind=positive
unabashedly&kind=positive
unaffected&kind=positive
unassailable&kind=positive
unbeatable&kind=positive
unbiased&kind=positive
unbound&kind=positive
uncomplicated&kind=positive
unconditional&kind=positive
undamaged&kind=positive
undaunted&kind=positive
understandable&kind=positive
undisputable&kind=positive
undisputably&kind=positive
undisputed&kind=positive
unencumbered&kind=positive
unequivocal&kind=positive
unequivocally&kind=positive
unfazed&kind=positive
unfettered&kind=positive
unforgettable&kind=positive
unity&kind=positive
unlimited&kind=positive
unmatched&kind=positive
unparalleled&kind=positive
unquestionable&kind=positive
unquestionably&kind=positive
unreal&kind=positive
unrestricted&kind=positive
unrivaled&kind=positive
unselfish&kind=positive
unwavering&kind=positive
upbeat&kind=positive
upgradable&kind=positive
upgradeable&kind=positive
upgraded&kind=positive
upheld&kind=positive
uphold&kind=positive
uplift&kind=positive
uplifting&kind=positive
upliftingly&kind=positive
upliftment&kind=positive
upscale&kind=positive
usable&kind=positive
useable&kind=positive
useful&kind=positive
user-friendly&kind=positive
user-replaceable&kind=positive
valiant&kind=positive
valiantly&kind=positive
valor&kind=positive
valuable&kind=positive
variety&kind=positive
venerate&kind=positive
verifiable&kind=positive
veritable&kind=positive
versatile&kind=positive
versatility&kind=positive
vibrant&kind=positive
vibrantly&kind=positive
victorious&kind=positive
victory&kind=positive
viewable&kind=positive
vigilance&kind=positive
vigilant&kind=positive
virtue&kind=positive
virtuous&kind=positive
virtuously&kind=positive
visionary&kind=positive
vivacious&kind=positive
vivid&kind=positive
vouch&kind=positive
vouchsafe&kind=positive
warm&kind=positive
warmer&kind=positive
warmhearted&kind=positive
warmly&kind=positive
warmth&kind=positive
wealthy&kind=positive
welcome&kind=positive
well&kind=positive
well-backlit&kind=positive
well-balanced&kind=positive
well-behaved&kind=positive
well-being&kind=positive
well-bred&kind=positive
well-connected&kind=positive
well-educated&kind=positive
well-established&kind=positive
well-informed&kind=positive
well-intentioned&kind=positive
well-known&kind=positive
well-made&kind=positive
well-managed&kind=positive
well-mannered&kind=positive
well-positioned&kind=positive
well-received&kind=positive
well-regarded&kind=positive
well-rounded&kind=positive
well-run&kind=positive
well-wishers&kind=positive
wellbeing&kind=positive
whoa&kind=positive
wholeheartedly&kind=positive
wholesome&kind=positive
whooa&kind=positive
whoooa&kind=positive
wieldy&kind=positive
willing&kind=positive
willingly&kind=positive
willingness&kind=positive
win&kind=positive
windfall&kind=positive
winnable&kind=positive
winner&kind=positive
winners&kind=positive
winning&kind=positive
wins&kind=positive
wisdom&kind=positive
wise&kind=positive
wisely&kind=positive
witty&kind=positive
won&kind=positive
wonder&kind=positive
wonderful&kind=positive
wonderfully&kind=positive
wonderous&kind=positive
wonderously&kind=positive
wonders&kind=positive
wondrous&kind=positive
woo&kind=positive
work&kind=positive
workable&kind=positive
worked&kind=positive
works&kind=positive
world-famous&kind=positive
worth&kind=positive
worth-while&kind=positive
worthiness&kind=positive
worthwhile&kind=positive
worthy&kind=positive
wow&kind=positive
wowed&kind=positive
wowing&kind=positive
wows&kind=positive
yay&kind=positive
youthful&kind=positive
zeal&kind=positive
zenith&kind=positive
zest&kind=positive
zippy&kind=positive