dirty&kind=negative
noisy&kind=negative
dusty&kind=negative
unbearable&kind=negative
disappointing&kind=negative
uncomfortable&kind=negative
problematic&kind=negative
overpriced&kind=negative
agitated&kind=negative
combative&kind=negative
evil&kind=negative
irritated&kind=negative
rude&kind=negative
aggravated&kind=negative
contrary&kind=negative
fierce&kind=negative
mad&kind=negative
savage&kind=negative
aggressive&kind=negative
furious&kind=negative
mean&kind=negative
severe&kind=negative
angry&kind=negative
cranky&kind=negative
nasty&kind=negative
spiteful&kind=negative
annoyed&kind=negative
creepy&kind=negative
harsh&kind=negative
obnoxious&kind=negative
arrogant&kind=negative
hateful&kind=negative
obstinate&kind=negative
terse&kind=negative
belligerent&kind=negative
cruel&kind=negative
hostile&kind=negative
outraged&kind=negative
vicious&kind=negative
biting&kind=negative
defiant&kind=negative
impatient&kind=negative
perturbed&kind=negative
vindictive&kind=negative
blunt&kind=negative
disagreeable&kind=negative
inconsiderate&kind=negative
repulsive&kind=negative
violent&kind=negative
bullying&kind=negative
enraged&kind=negative
insensitive&kind=negative
resentful&kind=negative
callous&kind=negative
envious&kind=negative
intolerant&kind=negative
wrathful&kind=negative
abandoned&kind=negative
depressed&kind=negative
forsaken&kind=negative
ruined&kind=negative
alien&kind=negative
desolate&kind=negative
gloomy&kind=negative
miserable&kind=negative
rundown&kind=negative
alienated&kind=negative
despairing&kind=negative
glum&kind=negative
mishandled&kind=negative
sad&kind=negative
despised&kind=negative
grim&kind=negative
mistreated&kind=negative
scornful&kind=negative
awful&kind=negative
despondent&kind=negative
hated&kind=negative
moody&kind=negative
sore&kind=negative
battered&kind=negative
destroyed&kind=negative
homeless&kind=negative
mournful&kind=negative
stranded&kind=negative
discarded&kind=negative
hopeless&kind=negative
obsolete&kind=negative
tearful&kind=negative
bored&kind=negative
discouraged&kind=negative
horrible&kind=negative
ostracized&kind=negative
terrible&kind=negative
burned&kind=negative
dismal&kind=negative
humiliated&kind=negative
overlooked&kind=negative
tired&kind=negative
cheapened&kind=negative
downcast&kind=negative
hurt&kind=negative
pathetic&kind=negative
unhappy&kind=negative
crushed&kind=negative
downhearted&kind=negative
jilted&kind=negative
pitiful&kind=negative
unloved&kind=negative
debased&kind=negative
downtrodden&kind=negative
kaput&kind=negative
rebuked&kind=negative
whipped&kind=negative
defeated&kind=negative
dreadful&kind=negative
loathed&kind=negative
regretful&kind=negative
worthless&kind=negative
degraded&kind=negative
estranged&kind=negative
lonely&kind=negative
rejected&kind=negative
wrecked&kind=negative
dejected&kind=negative
excluded&kind=negative
lonesome&kind=negative
reprimanded&kind=negative
demolished&kind=negative
forlorn&kind=negative
lousy&kind=negative
rotten&kind=negative
Distress&kind=word
affected&kind=negative
displeased&kind=negative
hindered&kind=negative
puzzled&kind=negative
tormented&kind=negative
anguished&kind=negative
dissatisfied&kind=negative
impaired&kind=negative
ridiculous&kind=negative
awkward&kind=negative
distrustful&kind=negative
impatient&kind=negative
sickened&kind=negative
troubled&kind=negative
baffled&kind=negative
disturbed&kind=negative
imprisoned&kind=negative
silly&kind=negative
ungainly&kind=negative
bewildered&kind=negative
doubtful&kind=negative
skeptical&kind=negative
unlucky&kind=negative
clumsy&kind=negative
foolish&kind=negative
nauseated&kind=negative
unpopular&kind=negative
confused&kind=negative
futile&kind=negative
offended&kind=negative
strained&kind=negative
unsatisfied&kind=negative
constrained&kind=negative
grief&kind=negative
pained&kind=negative
suspicious&kind=negative
unsure&kind=negative
disgusted&kind=negative
helpless&kind=negative
perplexed&kind=negative
swamped&kind=negative
weary&kind=negative
disliked&kind=negative
dislike&kind=negative
afraid&kind=negative
dreading&kind=negative
insecure&kind=negative
overwhelmed&kind=negative
agitated&kind=negative
eerie&kind=negative
intimidated&kind=negative
panicky&kind=negative
terrified&kind=negative
alarmed&kind=negative
embarrassed&kind=negative
restless&kind=negative
timid&kind=negative
anxious&kind=negative
fearful&kind=negative
jittery&kind=negative
scared&kind=negative
uncomfortable&kind=negative
apprehensive&kind=negative
frantic&kind=negative
jumpy&kind=negative
shaky&kind=negative
uneasy&kind=negative
bashful&kind=negative
frightened&kind=negative
nervous&kind=negative
upset&kind=negative
dangerous&kind=negative
hesitant&kind=negative
on edge&kind=negative
strained&kind=negative
worrying&kind=negative
desperate&kind=negative
horrified&kind=negative
broken&kind=negative
ineffective&kind=negative
defective&kind=negative
deficient&kind=negative
fuzzy&kind=negative
rotten&kind=negative
tasteless&kind=negative
unsound&kind=negative
gibberish&kind=negative
old&kind=negative
suffocating&kind=negative
expensive&kind=negative
disappointed&kind=negative
unsafe&kind=negative
grubby&kind=negative
ashamed&kind=negative
damaged&kind=negative
worst&kind=negative
unclean&kind=negative
unfriendly&kind=negative
unfair&kind=negative
disgrace&kind=negative
chaotic&kind=negative
hassle&kind=negative